// Jest Snapshot v1, https://goo.gl/fbAQLP

exports[`withActive is rendered correctly 1`] = `<div />`;
