// Jest Snapshot v1, https://goo.gl/fbAQLP

exports[`PrivateRoute test to meet B21 criteria 1`] = `null`;
