// Jest Snapshot v1, https://goo.gl/fbAQLP

exports[`Tabs meets B21 and rendered correctly for auth'ed 1`] = `
<nav
  className="movie-nav movie-card__nav"
>
  <ul
    className="movie-nav__list"
  >
    <li
      className="movie-nav__item"
    >
      <a
        className="movie-nav__link"
        href="#"
        onClick={[Function]}
      />
    </li>
    <li
      className="movie-nav__item"
    >
      <a
        className="movie-nav__link"
        href="#"
        onClick={[Function]}
      />
    </li>
    <li
      className="movie-nav__item"
    >
      <a
        className="movie-nav__link"
        href="#"
        onClick={[Function]}
      />
    </li>
  </ul>
</nav>
`;
