// Jest Snapshot v1, https://goo.gl/fbAQLP

exports[`App meets B21 and rendered correctly 1`] = `null`;
