// Jest Snapshot v1, https://goo.gl/fbAQLP

exports[`withMovie meets B21 and rendered correctly (nah, just kidding) 1`] = `null`;
